System.InvalidOperationException: El subproceso que realiza la llamada no puede obtener acceso a este objeto porque el propietario es otro subproceso.
   en System.Windows.Threading.Dispatcher.VerifyAccess()
   en System.Windows.DependencyObject.SetValue(DependencyProperty dp, Object value)
   en WidgUI.MusicWidgetWindow.MediaHelper_StateChanged(MediaState state)
   en WidgUI.SystemMediaHelper.PublishState(MediaState state)
   en WidgUI.SystemMediaHelper.RefreshState(Boolean forceProperties)
   en System.Windows.Threading.DispatcherTimer.FireTick(Object unused)
   en System.Windows.Threading.ExceptionWrapper.InternalRealCall(Delegate callback, Object args, Int32 numArgs)
   en System.Windows.Threading.ExceptionWrapper.TryCatchWhen(Object source, Delegate callback, Object args, Int32 numArgs, Delegate catchHandler)
   en System.Windows.Threading.DispatcherOperation.InvokeImpl()
   en System.Threading.ExecutionContext.RunInternal(ExecutionContext executionContext, ContextCallback callback, Object state, Boolean preserveSyncCtx)
   en System.Threading.ExecutionContext.Run(ExecutionContext executionContext, ContextCallback callback, Object state, Boolean preserveSyncCtx)
   en System.Threading.ExecutionContext.Run(ExecutionContext executionContext, ContextCallback callback, Object state)
   en MS.Internal.CulturePreservingExecutionContext.Run(CulturePreservingExecutionContext executionContext, ContextCallback callback, Object state)
   en System.Windows.Threading.DispatcherOperation.Invoke()
   en System.Windows.Threading.Dispatcher.ProcessQueue()
   en System.Windows.Threading.Dispatcher.WndProcHook(IntPtr hwnd, Int32 msg, IntPtr wParam, IntPtr lParam, Boolean& handled)
   en MS.Win32.HwndWrapper.WndProc(IntPtr hwnd, Int32 msg, IntPtr wParam, IntPtr lParam, Boolean& handled)
   en MS.Win32.HwndSubclass.DispatcherCallbackOperation(Object o)
   en System.Windows.Threading.ExceptionWrapper.InternalRealCall(Delegate callback, Object args, Int32 numArgs)
   en System.Windows.Threading.ExceptionWrapper.TryCatchWhen(Object source, Delegate callback, Object args, Int32 numArgs, Delegate catchHandler)
   en System.Windows.Threading.Dispatcher.LegacyInvokeImpl(DispatcherPriority priority, TimeSpan timeout, Delegate method, Object args, Int32 numArgs)
   en MS.Win32.HwndSubclass.SubclassWndProc(IntPtr hwnd, Int32 msg, IntPtr wParam, IntPtr lParam)